internal error: internal variable bacnet::skip_after_confirm missing
Aborted (core dumped)
